
> @dsai/storybook@0.0.1 build-storybook /Users/michel/GitHub/dsai/packages/@dsai/storybook
> pnpm build --output-dir=/var/folders/7g/q5chv89d3h3gmfn_4fxchx_80000gn/T/chromatic--98272-qQwQ3JTZadLV


> @dsai/storybook@0.0.1 prebuild /Users/michel/GitHub/dsai/packages/@dsai/storybook
> pnpm --filter @dsai/tokens build


> @dsai/tokens@0.0.1 prebuild /Users/michel/GitHub/dsai/packages/@dsai/tokens
> pnpm build:tokens && pnpm build:bootstrap && pnpm build:dsai


> @dsai/tokens@0.0.1 build:tokens /Users/michel/GitHub/dsai/packages/@dsai/tokens
> pnpm tokens:validate && style-dictionary build --config sd.config.mjs && pnpm tokens:sync


> @dsai/tokens@0.0.1 tokens:validate /Users/michel/GitHub/dsai/packages/@dsai/tokens
> node ../../../tools/scripts/tokens/validate-tokens.js

🔍 Validating design tokens...

Validating collections/color/primitive.json...
Validating collections/color/neutral.json...
Validating collections/color/background.json...
Validating collections/color/opacity.json...
Validating collections/color/semantic.json...
Validating collections/color/component.json...
Validating collections/typography/base.json...
Validating collections/spacing/base.json...
Validating collections/border/color.json...
Validating collections/border/radius.json...
Validating collections/border/width.json...
Validating collections/shadow/base.json...
Validating collections/layout/breakpoints.json...
Validating collections/layout/containers.json...
Validating collections/layout/grid.json...
Validating index.json...

============================================================
VALIDATION RESULTS
============================================================

📊 Total tokens validated: 305
✅ Errors: 0
⚠️  Warnings: 0

✨ All tokens are valid! No issues found.


css
✔︎ dist/css/variables.css

json
✔︎ dist/json/tokens.json
✔︎ dist/json/tokens-nested.json

scss
✔︎ src/scss/_variables.scss

js
✔︎ dist/js/tokens.js
✔︎ dist/js/tokens.cjs

ts
✔︎ dist/ts/tokens.ts
✔︎ dist/ts/tokens.d.ts

> @dsai/tokens@0.0.1 tokens:sync /Users/michel/GitHub/dsai/packages/@dsai/tokens
> node ../../../tools/scripts/tokens/sync-tokens-flat.js

🔄 Syncing tokens-flat.ts from Style Dictionary output...
✅ Successfully synced tokens-flat.ts
   Source: /Users/michel/GitHub/dsai/packages/@dsai/tokens/dist/js/tokens.js
   Target: /Users/michel/GitHub/dsai/packages/@dsai/tokens/src/tokens-flat.ts
✅ Font family includes Inter
✅ Font family includes Roboto Mono

> @dsai/tokens@0.0.1 build:bootstrap /Users/michel/GitHub/dsai/packages/@dsai/tokens
> sass --quiet-deps --silence-deprecation=import --silence-deprecation=global-builtin --silence-deprecation=color-functions src/scss/dsai-theme-bs.scss dist/css/bootstrap.css && sass --quiet-deps --silence-deprecation=import --silence-deprecation=global-builtin --silence-deprecation=color-functions src/scss/dsai-theme-bs.scss dist/css/bootstrap.min.css --style=compressed


> @dsai/tokens@0.0.1 build:dsai /Users/michel/GitHub/dsai/packages/@dsai/tokens
> sass --quiet-deps --silence-deprecation=import src/scss/dsai-utilities.scss dist/css/dsai.css && sass --quiet-deps --silence-deprecation=import src/scss/dsai-utilities.scss dist/css/dsai.min.css --style=compressed


> @dsai/tokens@0.0.1 build /Users/michel/GitHub/dsai/packages/@dsai/tokens
> tsup

[34mCLI[39m Building entry: src/index.ts, src/tokens-grouped.ts
[34mCLI[39m Using tsconfig: tsconfig.json
[34mCLI[39m tsup v8.5.1
[34mCLI[39m Using tsup config: /Users/michel/GitHub/dsai/packages/@dsai/tokens/tsup.config.ts
[34mCLI[39m Target: es2020
[34mESM[39m Build start
[34mCJS[39m Build start
[32mESM[39m [1mdist/tokens-grouped.mjs     [22m[32m176.00 B[39m
[32mESM[39m [1mdist/chunk-GTB4OEXA.mjs     [22m[32m31.42 KB[39m
[32mESM[39m [1mdist/index.mjs              [22m[32m13.66 KB[39m
[32mESM[39m [1mdist/tokens-grouped.mjs.map [22m[32m71.00 B[39m
[32mESM[39m [1mdist/chunk-GTB4OEXA.mjs.map [22m[32m72.97 KB[39m
[32mESM[39m [1mdist/index.mjs.map          [22m[32m7.90 KB[39m
[32mESM[39m ⚡️ Build success in 31ms
[32mCJS[39m [1mdist/index.js              [22m[32m47.25 KB[39m
[32mCJS[39m [1mdist/tokens-grouped.js     [22m[32m26.38 KB[39m
[32mCJS[39m [1mdist/tokens-grouped.js.map [22m[32m73.02 KB[39m
[32mCJS[39m [1mdist/index.js.map          [22m[32m83.85 KB[39m
[32mCJS[39m ⚡️ Build success in 31ms

> @dsai/storybook@0.0.1 build /Users/michel/GitHub/dsai/packages/@dsai/storybook
> storybook build -o ./storybook-static --output-dir=/var/folders/7g/q5chv89d3h3gmfn_4fxchx_80000gn/T/chromatic--98272-qQwQ3JTZadLV

[1mstorybook v10.0.8
[22m
info => Cleaning outputDir: [36m../../../../../../../var/folders/7g/q5chv89d3h3gmfn_4fxchx_80000gn/T/chromatic--98272-qQwQ3JTZadLV[39m
info => Loading presets
info => Building manager..
info => Building preview..
info Using tsconfig paths for react-docgen
[36mvite v6.4.1 [32mbuilding for production...[36m[39m
transforming...
info => Copying static files: [36mpublic[39m at [36m../../../../../../../var/folders/7g/q5chv89d3h3gmfn_4fxchx_80000gn/T/chromatic--98272-qQwQ3JTZadLV[39m
[32m✓[39m 2285 modules transformed.
rendering chunks...
computing gzip size...
[2m../../../../../../../var/folders/7g/q5chv89d3h3gmfn_4fxchx_80000gn/T/chromatic--98272-qQwQ3JTZadLV/[22m[32miframe.html                                    [39m[1m[2m   24.74 kB[22m[1m[22m[2m │ gzip:   6.80 kB[22m
[2m../../../../../../../var/folders/7g/q5chv89d3h3gmfn_4fxchx_80000gn/T/chromatic--98272-qQwQ3JTZadLV/[22m[2massets/[22m[35miframe-_BbO9QUL.css                     [39m[1m[2m  241.05 kB[22m[1m[22m[2m │ gzip:  32.18 kB[22m
[2m../../../../../../../var/folders/7g/q5chv89d3h3gmfn_4fxchx_80000gn/T/chromatic--98272-qQwQ3JTZadLV/[22m[2massets/[22m[36mformatter-OMEEQ6HG-DkvmaOhz.js          [39m[1m[2m    0.18 kB[22m[1m[22m[2m │ gzip:   0.16 kB[22m
[2m../../../../../../../var/folders/7g/q5chv89d3h3gmfn_4fxchx_80000gn/T/chromatic--98272-qQwQ3JTZadLV/[22m[2massets/[22m[36mindex-8lnzOHA3.js                       [39m[1m[2m    0.46 kB[22m[1m[22m[2m │ gzip:   0.30 kB[22m
[2m../../../../../../../var/folders/7g/q5chv89d3h3gmfn_4fxchx_80000gn/T/chromatic--98272-qQwQ3JTZadLV/[22m[2massets/[22m[36mjsx-runtime-D_zvdyIk.js                 [39m[1m[2m    0.73 kB[22m[1m[22m[2m │ gzip:   0.46 kB[22m
[2m../../../../../../../var/folders/7g/q5chv89d3h3gmfn_4fxchx_80000gn/T/chromatic--98272-qQwQ3JTZadLV/[22m[2massets/[22m[36mpreload-helper-Dp1pzeXC.js              [39m[1m[2m    1.27 kB[22m[1m[22m[2m │ gzip:   0.73 kB[22m
[2m../../../../../../../var/folders/7g/q5chv89d3h3gmfn_4fxchx_80000gn/T/chromatic--98272-qQwQ3JTZadLV/[22m[2massets/[22m[36mDocsRenderer-HT7GNKAR-X_-CzPAB.js       [39m[1m[2m    1.41 kB[22m[1m[22m[2m │ gzip:   0.76 kB[22m
[2m../../../../../../../var/folders/7g/q5chv89d3h3gmfn_4fxchx_80000gn/T/chromatic--98272-qQwQ3JTZadLV/[22m[2massets/[22m[36mComponentTemplate.stories-Cj5_04XM.js   [39m[1m[2m    3.32 kB[22m[1m[22m[2m │ gzip:   1.16 kB[22m
[2m../../../../../../../var/folders/7g/q5chv89d3h3gmfn_4fxchx_80000gn/T/chromatic--98272-qQwQ3JTZadLV/[22m[2massets/[22m[36mindex-ClcQSmRP.js                       [39m[1m[2m    3.89 kB[22m[1m[22m[2m │ gzip:   1.52 kB[22m
[2m../../../../../../../var/folders/7g/q5chv89d3h3gmfn_4fxchx_80000gn/T/chromatic--98272-qQwQ3JTZadLV/[22m[2massets/[22m[36mWelcome-L4HHyTGt.js                     [39m[1m[2m    6.82 kB[22m[1m[22m[2m │ gzip:   2.17 kB[22m
[2m../../../../../../../var/folders/7g/q5chv89d3h3gmfn_4fxchx_80000gn/T/chromatic--98272-qQwQ3JTZadLV/[22m[2massets/[22m[36mTypeScriptTypes-CYTx03Sf.js             [39m[1m[2m    8.01 kB[22m[1m[22m[2m │ gzip:   2.24 kB[22m
[2m../../../../../../../var/folders/7g/q5chv89d3h3gmfn_4fxchx_80000gn/T/chromatic--98272-qQwQ3JTZadLV/[22m[2massets/[22m[36mGettingStarted-DGcv708l.js              [39m[1m[2m    9.91 kB[22m[1m[22m[2m │ gzip:   3.04 kB[22m
[2m../../../../../../../var/folders/7g/q5chv89d3h3gmfn_4fxchx_80000gn/T/chromatic--98272-qQwQ3JTZadLV/[22m[2massets/[22m[36mCSSVariables-DPlpu82B.js                [39m[1m[2m   11.66 kB[22m[1m[22m[2m │ gzip:   3.09 kB[22m
[2m../../../../../../../var/folders/7g/q5chv89d3h3gmfn_4fxchx_80000gn/T/chromatic--98272-qQwQ3JTZadLV/[22m[2massets/[22m[36mButtonGuide-Mz3lyucI.js                 [39m[1m[2m   12.85 kB[22m[1m[22m[2m │ gzip:   3.46 kB[22m
[2m../../../../../../../var/folders/7g/q5chv89d3h3gmfn_4fxchx_80000gn/T/chromatic--98272-qQwQ3JTZadLV/[22m[2massets/[22m[36mCLITools-CrCpa-CO.js                    [39m[1m[2m   12.98 kB[22m[1m[22m[2m │ gzip:   3.42 kB[22m
[2m../../../../../../../var/folders/7g/q5chv89d3h3gmfn_4fxchx_80000gn/T/chromatic--98272-qQwQ3JTZadLV/[22m[2massets/[22m[36mSpacing.stories-DWgD9aEc.js             [39m[1m[2m   18.16 kB[22m[1m[22m[2m │ gzip:   3.55 kB[22m
[2m../../../../../../../var/folders/7g/q5chv89d3h3gmfn_4fxchx_80000gn/T/chromatic--98272-qQwQ3JTZadLV/[22m[2massets/[22m[36mSwitch.stories-CbQ88ewi.js              [39m[1m[2m   20.32 kB[22m[1m[22m[2m │ gzip:   4.65 kB[22m
[2m../../../../../../../var/folders/7g/q5chv89d3h3gmfn_4fxchx_80000gn/T/chromatic--98272-qQwQ3JTZadLV/[22m[2massets/[22m[36mRadio.stories-BUukA7vn.js               [39m[1m[2m   21.43 kB[22m[1m[22m[2m │ gzip:   4.78 kB[22m
[2m../../../../../../../var/folders/7g/q5chv89d3h3gmfn_4fxchx_80000gn/T/chromatic--98272-qQwQ3JTZadLV/[22m[2massets/[22m[36mSpinner.stories-ChURxy9l.js             [39m[1m[2m   21.96 kB[22m[1m[22m[2m │ gzip:   4.03 kB[22m
[2m../../../../../../../var/folders/7g/q5chv89d3h3gmfn_4fxchx_80000gn/T/chromatic--98272-qQwQ3JTZadLV/[22m[2massets/[22m[36mTypography.stories-B5bRausc.js          [39m[1m[2m   23.36 kB[22m[1m[22m[2m │ gzip:   4.89 kB[22m
[2m../../../../../../../var/folders/7g/q5chv89d3h3gmfn_4fxchx_80000gn/T/chromatic--98272-qQwQ3JTZadLV/[22m[2massets/[22m[36mTabs.stories-COeWZ4HT.js                [39m[1m[2m   23.61 kB[22m[1m[22m[2m │ gzip:   4.95 kB[22m
[2m../../../../../../../var/folders/7g/q5chv89d3h3gmfn_4fxchx_80000gn/T/chromatic--98272-qQwQ3JTZadLV/[22m[2massets/[22m[36mSelect.stories-C-H5gbuJ.js              [39m[1m[2m   24.25 kB[22m[1m[22m[2m │ gzip:   5.14 kB[22m
[2m../../../../../../../var/folders/7g/q5chv89d3h3gmfn_4fxchx_80000gn/T/chromatic--98272-qQwQ3JTZadLV/[22m[2massets/[22m[36mProgress.stories-BbMH6NmB.js            [39m[1m[2m   26.17 kB[22m[1m[22m[2m │ gzip:   5.55 kB[22m
[2m../../../../../../../var/folders/7g/q5chv89d3h3gmfn_4fxchx_80000gn/T/chromatic--98272-qQwQ3JTZadLV/[22m[2massets/[22m[36mBadge.stories-DxY8u3VX.js               [39m[1m[2m   27.90 kB[22m[1m[22m[2m │ gzip:   5.24 kB[22m
[2m../../../../../../../var/folders/7g/q5chv89d3h3gmfn_4fxchx_80000gn/T/chromatic--98272-qQwQ3JTZadLV/[22m[2massets/[22m[36mCard.stories-DvXdBDb3.js                [39m[1m[2m   28.19 kB[22m[1m[22m[2m │ gzip:   5.53 kB[22m
[2m../../../../../../../var/folders/7g/q5chv89d3h3gmfn_4fxchx_80000gn/T/chromatic--98272-qQwQ3JTZadLV/[22m[36mvite-inject-mocker-entry.js                    [39m[1m[2m   29.18 kB[22m[1m[22m[2m │ gzip:  10.13 kB[22m
[2m../../../../../../../var/folders/7g/q5chv89d3h3gmfn_4fxchx_80000gn/T/chromatic--98272-qQwQ3JTZadLV/[22m[2massets/[22m[36mAlert.stories-BXo5w0ap.js               [39m[1m[2m   30.69 kB[22m[1m[22m[2m │ gzip:   6.38 kB[22m
[2m../../../../../../../var/folders/7g/q5chv89d3h3gmfn_4fxchx_80000gn/T/chromatic--98272-qQwQ3JTZadLV/[22m[2massets/[22m[36mListGroup.stories-nHyFChCx.js           [39m[1m[2m   31.11 kB[22m[1m[22m[2m │ gzip:   6.07 kB[22m
[2m../../../../../../../var/folders/7g/q5chv89d3h3gmfn_4fxchx_80000gn/T/chromatic--98272-qQwQ3JTZadLV/[22m[2massets/[22m[36mColor-64QXVMR3-CxgPhFKb.js              [39m[1m[2m   31.88 kB[22m[1m[22m[2m │ gzip:  12.01 kB[22m
[2m../../../../../../../var/folders/7g/q5chv89d3h3gmfn_4fxchx_80000gn/T/chromatic--98272-qQwQ3JTZadLV/[22m[2massets/[22m[36mmatchers-ZRZBO4XZ-QSZ9PC54.js           [39m[1m[2m   31.90 kB[22m[1m[22m[2m │ gzip:  10.97 kB[22m
[2m../../../../../../../var/folders/7g/q5chv89d3h3gmfn_4fxchx_80000gn/T/chromatic--98272-qQwQ3JTZadLV/[22m[2massets/[22m[36mTable.stories-Cr2oufqp.js               [39m[1m[2m   32.70 kB[22m[1m[22m[2m │ gzip:   7.12 kB[22m
[2m../../../../../../../var/folders/7g/q5chv89d3h3gmfn_4fxchx_80000gn/T/chromatic--98272-qQwQ3JTZadLV/[22m[2massets/[22m[36mBreadcrumb.stories-BfsnQy_w.js          [39m[1m[2m   34.59 kB[22m[1m[22m[2m │ gzip:   7.15 kB[22m
[2m../../../../../../../var/folders/7g/q5chv89d3h3gmfn_4fxchx_80000gn/T/chromatic--98272-qQwQ3JTZadLV/[22m[2massets/[22m[36mCheckbox.stories-viND_EyC.js            [39m[1m[2m   35.92 kB[22m[1m[22m[2m │ gzip:   7.77 kB[22m
[2m../../../../../../../var/folders/7g/q5chv89d3h3gmfn_4fxchx_80000gn/T/chromatic--98272-qQwQ3JTZadLV/[22m[2massets/[22m[36mCheckboxGroup.stories-15OMF4WA.js       [39m[1m[2m   36.66 kB[22m[1m[22m[2m │ gzip:   7.77 kB[22m
[2m../../../../../../../var/folders/7g/q5chv89d3h3gmfn_4fxchx_80000gn/T/chromatic--98272-qQwQ3JTZadLV/[22m[2massets/[22m[36mColors.stories-CSCRoF5b.js              [39m[1m[2m   39.46 kB[22m[1m[22m[2m │ gzip:   7.25 kB[22m
[2m../../../../../../../var/folders/7g/q5chv89d3h3gmfn_4fxchx_80000gn/T/chromatic--98272-qQwQ3JTZadLV/[22m[2massets/[22m[36mInput.stories-BGoLrO4V.js               [39m[1m[2m   45.08 kB[22m[1m[22m[2m │ gzip:   9.15 kB[22m
[2m../../../../../../../var/folders/7g/q5chv89d3h3gmfn_4fxchx_80000gn/T/chromatic--98272-qQwQ3JTZadLV/[22m[2massets/[22m[36mIcons.stories-DvwSEHBD.js               [39m[1m[2m   46.66 kB[22m[1m[22m[2m │ gzip:   7.99 kB[22m
[2m../../../../../../../var/folders/7g/q5chv89d3h3gmfn_4fxchx_80000gn/T/chromatic--98272-qQwQ3JTZadLV/[22m[2massets/[22m[36mCardList.stories-BL6OzTqV.js            [39m[1m[2m   54.52 kB[22m[1m[22m[2m │ gzip:  11.11 kB[22m
[2m../../../../../../../var/folders/7g/q5chv89d3h3gmfn_4fxchx_80000gn/T/chromatic--98272-qQwQ3JTZadLV/[22m[2massets/[22m[36mButton.stories-CMPSKFcE.js              [39m[1m[2m   55.06 kB[22m[1m[22m[2m │ gzip:  10.68 kB[22m
[2m../../../../../../../var/folders/7g/q5chv89d3h3gmfn_4fxchx_80000gn/T/chromatic--98272-qQwQ3JTZadLV/[22m[2massets/[22m[36mSelectableCard.stories-DADxnFhj.js      [39m[1m[2m   56.38 kB[22m[1m[22m[2m │ gzip:  11.83 kB[22m
[2m../../../../../../../var/folders/7g/q5chv89d3h3gmfn_4fxchx_80000gn/T/chromatic--98272-qQwQ3JTZadLV/[22m[2massets/[22m[36msyntaxhighlighter-CAVLW7PM-BN6sfpQ3.js  [39m[1m[2m   80.84 kB[22m[1m[22m[2m │ gzip:  28.52 kB[22m
[2m../../../../../../../var/folders/7g/q5chv89d3h3gmfn_4fxchx_80000gn/T/chromatic--98272-qQwQ3JTZadLV/[22m[2massets/[22m[36mreact-18-CGd_pqWt.js                    [39m[1m[2m  181.95 kB[22m[1m[22m[2m │ gzip:  57.31 kB[22m
[2m../../../../../../../var/folders/7g/q5chv89d3h3gmfn_4fxchx_80000gn/T/chromatic--98272-qQwQ3JTZadLV/[22m[2massets/[22m[36maxe-DyDQ6_CW.js                         [39m[1m[33m  579.33 kB[39m[22m[2m │ gzip: 159.68 kB[22m
[2m../../../../../../../var/folders/7g/q5chv89d3h3gmfn_4fxchx_80000gn/T/chromatic--98272-qQwQ3JTZadLV/[22m[2massets/[22m[36mWithTooltip-SK46ZJ2J-CQYso212.js        [39m[1m[33m  595.49 kB[39m[22m[2m │ gzip: 191.56 kB[22m
[2m../../../../../../../var/folders/7g/q5chv89d3h3gmfn_4fxchx_80000gn/T/chromatic--98272-qQwQ3JTZadLV/[22m[2massets/[22m[36miframe-BCQotXny.js                      [39m[1m[33m1,245.40 kB[39m[22m[2m │ gzip: 363.08 kB[22m
[2m../../../../../../../var/folders/7g/q5chv89d3h3gmfn_4fxchx_80000gn/T/chromatic--98272-qQwQ3JTZadLV/[22m[2massets/[22m[36mTabs-D_RGwC1-.js                        [39m[1m[33m2,410.23 kB[39m[22m[2m │ gzip: 291.13 kB[22m
[32m✓ built in 11.12s[39m
info => Output directory: /var/folders/7g/q5chv89d3h3gmfn_4fxchx_80000gn/T/chromatic--98272-qQwQ3JTZadLV
